MPLINK 4.46, Linker
Linker Map File - Created Sat Mar 04 00:19:44 2023

                                 Section Info
                  Section       Type    Address   Location Size(Bytes)
                ---------  ---------  ---------  ---------  ---------
                   .org_0       code   0x000000    program   0x000000
                   .org_1       code   0x000000    program   0x0000de
      .config_2007_TEST.O       code   0x002007    program   0x000002
      .config_2008_TEST.O       code   0x002008    program   0x000002



                              Program Memory Usage 
                               Start         End      
                           ---------   ---------      
                            0x000000    0x00006e      
                            0x002007    0x002008      
            113 out of 8455 program addresses used, program memory utilization is 1%



                              Symbols - Sorted by Name
                     Name    Address   Location    Storage File                     
                ---------  ---------  ---------  --------- ---------                
                   INICIO   0x00000f    program     static C:\Users\Kenay\Desktop\Octavo Semestre\Sistemas Embebidos\src\Practica4\test.asm
                 RECUPERA   0x00003e    program     static C:\Users\Kenay\Desktop\Octavo Semestre\Sistemas Embebidos\src\Practica4\test.asm
                 SECCION1   0x000018    program     static C:\Users\Kenay\Desktop\Octavo Semestre\Sistemas Embebidos\src\Practica4\test.asm
                 SECCION2   0x00001f    program     static C:\Users\Kenay\Desktop\Octavo Semestre\Sistemas Embebidos\src\Practica4\test.asm
                 SECCION3   0x000026    program     static C:\Users\Kenay\Desktop\Octavo Semestre\Sistemas Embebidos\src\Practica4\test.asm
                 SECCION4   0x000041    program     static C:\Users\Kenay\Desktop\Octavo Semestre\Sistemas Embebidos\src\Practica4\test.asm
              SECCIONES12   0x000012    program     static C:\Users\Kenay\Desktop\Octavo Semestre\Sistemas Embebidos\src\Practica4\test.asm
              SECCIONES34   0x000015    program     static C:\Users\Kenay\Desktop\Octavo Semestre\Sistemas Embebidos\src\Practica4\test.asm
                    confi   0x000000    program     static C:\Users\Kenay\Desktop\Octavo Semestre\Sistemas Embebidos\src\Practica4\test.asm
                   dentro   0x000028    program     static C:\Users\Kenay\Desktop\Octavo Semestre\Sistemas Embebidos\src\Practica4\test.asm
                    direc   0x000053    program     static C:\Users\Kenay\Desktop\Octavo Semestre\Sistemas Embebidos\src\Practica4\test.asm
                    fuera   0x000032    program     static C:\Users\Kenay\Desktop\Octavo Semestre\Sistemas Embebidos\src\Practica4\test.asm
                     left   0x00005b    program     static C:\Users\Kenay\Desktop\Octavo Semestre\Sistemas Embebidos\src\Practica4\test.asm
                   retra1   0x000063    program     static C:\Users\Kenay\Desktop\Octavo Semestre\Sistemas Embebidos\src\Practica4\test.asm
                   retra2   0x000066    program     static C:\Users\Kenay\Desktop\Octavo Semestre\Sistemas Embebidos\src\Practica4\test.asm
                  retra2a   0x000067    program     static C:\Users\Kenay\Desktop\Octavo Semestre\Sistemas Embebidos\src\Practica4\test.asm
                 retrasos   0x000061    program     static C:\Users\Kenay\Desktop\Octavo Semestre\Sistemas Embebidos\src\Practica4\test.asm
                    rigth   0x000056    program     static C:\Users\Kenay\Desktop\Octavo Semestre\Sistemas Embebidos\src\Practica4\test.asm
                    tabla   0x00006a    program     static C:\Users\Kenay\Desktop\Octavo Semestre\Sistemas Embebidos\src\Practica4\test.asm
                    test1   0x000048    program     static C:\Users\Kenay\Desktop\Octavo Semestre\Sistemas Embebidos\src\Practica4\test.asm
                    test2   0x00004e    program     static C:\Users\Kenay\Desktop\Octavo Semestre\Sistemas Embebidos\src\Practica4\test.asm



                              Symbols - Sorted by Address
                     Name    Address   Location    Storage File                     
                ---------  ---------  ---------  --------- ---------                
                    confi   0x000000    program     static C:\Users\Kenay\Desktop\Octavo Semestre\Sistemas Embebidos\src\Practica4\test.asm
                   INICIO   0x00000f    program     static C:\Users\Kenay\Desktop\Octavo Semestre\Sistemas Embebidos\src\Practica4\test.asm
              SECCIONES12   0x000012    program     static C:\Users\Kenay\Desktop\Octavo Semestre\Sistemas Embebidos\src\Practica4\test.asm
              SECCIONES34   0x000015    program     static C:\Users\Kenay\Desktop\Octavo Semestre\Sistemas Embebidos\src\Practica4\test.asm
                 SECCION1   0x000018    program     static C:\Users\Kenay\Desktop\Octavo Semestre\Sistemas Embebidos\src\Practica4\test.asm
                 SECCION2   0x00001f    program     static C:\Users\Kenay\Desktop\Octavo Semestre\Sistemas Embebidos\src\Practica4\test.asm
                 SECCION3   0x000026    program     static C:\Users\Kenay\Desktop\Octavo Semestre\Sistemas Embebidos\src\Practica4\test.asm
                   dentro   0x000028    program     static C:\Users\Kenay\Desktop\Octavo Semestre\Sistemas Embebidos\src\Practica4\test.asm
                    fuera   0x000032    program     static C:\Users\Kenay\Desktop\Octavo Semestre\Sistemas Embebidos\src\Practica4\test.asm
                 RECUPERA   0x00003e    program     static C:\Users\Kenay\Desktop\Octavo Semestre\Sistemas Embebidos\src\Practica4\test.asm
                 SECCION4   0x000041    program     static C:\Users\Kenay\Desktop\Octavo Semestre\Sistemas Embebidos\src\Practica4\test.asm
                    test1   0x000048    program     static C:\Users\Kenay\Desktop\Octavo Semestre\Sistemas Embebidos\src\Practica4\test.asm
                    test2   0x00004e    program     static C:\Users\Kenay\Desktop\Octavo Semestre\Sistemas Embebidos\src\Practica4\test.asm
                    direc   0x000053    program     static C:\Users\Kenay\Desktop\Octavo Semestre\Sistemas Embebidos\src\Practica4\test.asm
                    rigth   0x000056    program     static C:\Users\Kenay\Desktop\Octavo Semestre\Sistemas Embebidos\src\Practica4\test.asm
                     left   0x00005b    program     static C:\Users\Kenay\Desktop\Octavo Semestre\Sistemas Embebidos\src\Practica4\test.asm
                 retrasos   0x000061    program     static C:\Users\Kenay\Desktop\Octavo Semestre\Sistemas Embebidos\src\Practica4\test.asm
                   retra1   0x000063    program     static C:\Users\Kenay\Desktop\Octavo Semestre\Sistemas Embebidos\src\Practica4\test.asm
                   retra2   0x000066    program     static C:\Users\Kenay\Desktop\Octavo Semestre\Sistemas Embebidos\src\Practica4\test.asm
                  retra2a   0x000067    program     static C:\Users\Kenay\Desktop\Octavo Semestre\Sistemas Embebidos\src\Practica4\test.asm
                    tabla   0x00006a    program     static C:\Users\Kenay\Desktop\Octavo Semestre\Sistemas Embebidos\src\Practica4\test.asm


