MPLINK 4.46, Linker
Linker Map File - Created Wed Mar 08 21:58:58 2023

                                 Section Info
                  Section       Type    Address   Location Size(Bytes)
                ---------  ---------  ---------  ---------  ---------
                   .org_0       code   0x000000    program   0x000000
                   .org_1       code   0x000000    program   0x000046
      .config_2007_TEST.O       code   0x002007    program   0x000002
      .config_2008_TEST.O       code   0x002008    program   0x000002



                              Program Memory Usage 
                               Start         End      
                           ---------   ---------      
                            0x000000    0x000022      
                            0x002007    0x002008      
            37 out of 8455 program addresses used, program memory utilization is 0%



                              Symbols - Sorted by Name
                     Name    Address   Location    Storage File                     
                ---------  ---------  ---------  --------- ---------                
                   INICIO   0x00000d    program     static C:\Users\Kenay\Desktop\Octavo Semestre\Sistemas Embebidos\src\Practica5\test.asm
                    TABLA   0x000012    program     static C:\Users\Kenay\Desktop\Octavo Semestre\Sistemas Embebidos\src\Practica5\test.asm
                    confi   0x000001    program     static C:\Users\Kenay\Desktop\Octavo Semestre\Sistemas Embebidos\src\Practica5\test.asm



                              Symbols - Sorted by Address
                     Name    Address   Location    Storage File                     
                ---------  ---------  ---------  --------- ---------                
                    confi   0x000001    program     static C:\Users\Kenay\Desktop\Octavo Semestre\Sistemas Embebidos\src\Practica5\test.asm
                   INICIO   0x00000d    program     static C:\Users\Kenay\Desktop\Octavo Semestre\Sistemas Embebidos\src\Practica5\test.asm
                    TABLA   0x000012    program     static C:\Users\Kenay\Desktop\Octavo Semestre\Sistemas Embebidos\src\Practica5\test.asm


