MPLINK 4.46, Linker
Linker Map File - Created Thu Feb 23 10:33:06 2023

                                 Section Info
                  Section       Type    Address   Location Size(Bytes)
                ---------  ---------  ---------  ---------  ---------
                   .org_0       code   0x000000    program   0x000000
                   .org_1       code   0x000000    program   0x000038
     .config_2007_TEST2.O       code   0x002007    program   0x000002
     .config_2008_TEST2.O       code   0x002008    program   0x000002



                              Program Memory Usage 
                               Start         End      
                           ---------   ---------      
                            0x000000    0x00001b      
                            0x002007    0x002008      
            30 out of 8455 program addresses used, program memory utilization is 0%



                              Symbols - Sorted by Name
                     Name    Address   Location    Storage File                     
                ---------  ---------  ---------  --------- ---------                
                      AND   0x000014    program     static C:\Users\Kenay\Desktop\Octavo Semestre\Sistemas Embebidos\src\Practica2\test2.asm
                       OR   0x000018    program     static C:\Users\Kenay\Desktop\Octavo Semestre\Sistemas Embebidos\src\Practica2\test2.asm
               configPort   0x000001    program     static C:\Users\Kenay\Desktop\Octavo Semestre\Sistemas Embebidos\src\Practica2\test2.asm
                   inicio   0x000011    program     static C:\Users\Kenay\Desktop\Octavo Semestre\Sistemas Embebidos\src\Practica2\test2.asm



                              Symbols - Sorted by Address
                     Name    Address   Location    Storage File                     
                ---------  ---------  ---------  --------- ---------                
               configPort   0x000001    program     static C:\Users\Kenay\Desktop\Octavo Semestre\Sistemas Embebidos\src\Practica2\test2.asm
                   inicio   0x000011    program     static C:\Users\Kenay\Desktop\Octavo Semestre\Sistemas Embebidos\src\Practica2\test2.asm
                      AND   0x000014    program     static C:\Users\Kenay\Desktop\Octavo Semestre\Sistemas Embebidos\src\Practica2\test2.asm
                       OR   0x000018    program     static C:\Users\Kenay\Desktop\Octavo Semestre\Sistemas Embebidos\src\Practica2\test2.asm


