MPLINK 4.46, Linker
Linker Map File - Created Thu Feb 23 08:23:36 2023

                                 Section Info
                  Section       Type    Address   Location Size(Bytes)
                ---------  ---------  ---------  ---------  ---------
                   .org_0       code   0x000000    program   0x000000
                   .org_1       code   0x000000    program   0x000026
      .config_2007_TEST.O       code   0x002007    program   0x000002
      .config_2008_TEST.O       code   0x002008    program   0x000002



                              Program Memory Usage 
                               Start         End      
                           ---------   ---------      
                            0x000000    0x000012      
                            0x002007    0x002008      
            21 out of 8455 program addresses used, program memory utilization is 0%



                              Symbols - Sorted by Name
                     Name    Address   Location    Storage File                     
                ---------  ---------  ---------  --------- ---------                
               configPort   0x000001    program     static C:\Users\Kenay\Desktop\Octavo Semestre\Sistemas Embebidos\src\Test 1\test.asm
                   inicio   0x00000f    program     static C:\Users\Kenay\Desktop\Octavo Semestre\Sistemas Embebidos\src\Test 1\test.asm
                    zzzvf   0x000008    program     static C:\Users\Kenay\Desktop\Octavo Semestre\Sistemas Embebidos\src\Test 1\test.asm



                              Symbols - Sorted by Address
                     Name    Address   Location    Storage File                     
                ---------  ---------  ---------  --------- ---------                
               configPort   0x000001    program     static C:\Users\Kenay\Desktop\Octavo Semestre\Sistemas Embebidos\src\Test 1\test.asm
                    zzzvf   0x000008    program     static C:\Users\Kenay\Desktop\Octavo Semestre\Sistemas Embebidos\src\Test 1\test.asm
                   inicio   0x00000f    program     static C:\Users\Kenay\Desktop\Octavo Semestre\Sistemas Embebidos\src\Test 1\test.asm


