MPLINK 4.46, Linker
Linker Map File - Created Tue Apr 11 09:29:13 2023

                                 Section Info
                  Section       Type    Address   Location Size(Bytes)
                ---------  ---------  ---------  ---------  ---------
                   .org_0       code   0x000000    program   0x000000
                   .org_1       code   0x000000    program   0x000104
      .config_2007_TEST.O       code   0x002007    program   0x000002
      .config_2008_TEST.O       code   0x002008    program   0x000002



                              Program Memory Usage 
                               Start         End      
                           ---------   ---------      
                            0x000000    0x000081      
                            0x002007    0x002008      
            132 out of 8455 program addresses used, program memory utilization is 1%



                              Symbols - Sorted by Name
                     Name    Address   Location    Storage File                     
                ---------  ---------  ---------  --------- ---------                
                       A1   0x000021    program     static C:\Users\Kenay\Desktop\Octavo Semestre\Sistemas Embebidos\src\Practica10\test.asm
                       B1   0x000025    program     static C:\Users\Kenay\Desktop\Octavo Semestre\Sistemas Embebidos\src\Practica10\test.asm
                       C1   0x000029    program     static C:\Users\Kenay\Desktop\Octavo Semestre\Sistemas Embebidos\src\Practica10\test.asm
                   INICIO   0x000013    program     static C:\Users\Kenay\Desktop\Octavo Semestre\Sistemas Embebidos\src\Practica10\test.asm
                      MS5   0x000075    program     static C:\Users\Kenay\Desktop\Octavo Semestre\Sistemas Embebidos\src\Practica10\test.asm
                    RECUC   0x000031    program     static C:\Users\Kenay\Desktop\Octavo Semestre\Sistemas Embebidos\src\Practica10\test.asm
                    RECUD   0x000034    program     static C:\Users\Kenay\Desktop\Octavo Semestre\Sistemas Embebidos\src\Practica10\test.asm
                    RECUM   0x00002e    program     static C:\Users\Kenay\Desktop\Octavo Semestre\Sistemas Embebidos\src\Practica10\test.asm
                    RECUU   0x000037    program     static C:\Users\Kenay\Desktop\Octavo Semestre\Sistemas Embebidos\src\Practica10\test.asm
                 RETRASOS   0x00004d    program     static C:\Users\Kenay\Desktop\Octavo Semestre\Sistemas Embebidos\src\Practica10\test.asm
                     SHOW   0x00005c    program     static C:\Users\Kenay\Desktop\Octavo Semestre\Sistemas Embebidos\src\Practica10\test.asm
                   TABLAB   0x00003a    program     static C:\Users\Kenay\Desktop\Octavo Semestre\Sistemas Embebidos\src\Practica10\test.asm
                        a   0x000051    program     static C:\Users\Kenay\Desktop\Octavo Semestre\Sistemas Embebidos\src\Practica10\test.asm
                       a2   0x000079    program     static C:\Users\Kenay\Desktop\Octavo Semestre\Sistemas Embebidos\src\Practica10\test.asm
                       b2   0x000077    program     static C:\Users\Kenay\Desktop\Octavo Semestre\Sistemas Embebidos\src\Practica10\test.asm
                        c   0x00004f    program     static C:\Users\Kenay\Desktop\Octavo Semestre\Sistemas Embebidos\src\Practica10\test.asm
                    confi   0x000000    program     static C:\Users\Kenay\Desktop\Octavo Semestre\Sistemas Embebidos\src\Practica10\test.asm
                     loop   0x000053    program     static C:\Users\Kenay\Desktop\Octavo Semestre\Sistemas Embebidos\src\Practica10\test.asm
                    loop1   0x00007b    program     static C:\Users\Kenay\Desktop\Octavo Semestre\Sistemas Embebidos\src\Practica10\test.asm
                  muestra   0x00005a    program     static C:\Users\Kenay\Desktop\Octavo Semestre\Sistemas Embebidos\src\Practica10\test.asm



                              Symbols - Sorted by Address
                     Name    Address   Location    Storage File                     
                ---------  ---------  ---------  --------- ---------                
                    confi   0x000000    program     static C:\Users\Kenay\Desktop\Octavo Semestre\Sistemas Embebidos\src\Practica10\test.asm
                   INICIO   0x000013    program     static C:\Users\Kenay\Desktop\Octavo Semestre\Sistemas Embebidos\src\Practica10\test.asm
                       A1   0x000021    program     static C:\Users\Kenay\Desktop\Octavo Semestre\Sistemas Embebidos\src\Practica10\test.asm
                       B1   0x000025    program     static C:\Users\Kenay\Desktop\Octavo Semestre\Sistemas Embebidos\src\Practica10\test.asm
                       C1   0x000029    program     static C:\Users\Kenay\Desktop\Octavo Semestre\Sistemas Embebidos\src\Practica10\test.asm
                    RECUM   0x00002e    program     static C:\Users\Kenay\Desktop\Octavo Semestre\Sistemas Embebidos\src\Practica10\test.asm
                    RECUC   0x000031    program     static C:\Users\Kenay\Desktop\Octavo Semestre\Sistemas Embebidos\src\Practica10\test.asm
                    RECUD   0x000034    program     static C:\Users\Kenay\Desktop\Octavo Semestre\Sistemas Embebidos\src\Practica10\test.asm
                    RECUU   0x000037    program     static C:\Users\Kenay\Desktop\Octavo Semestre\Sistemas Embebidos\src\Practica10\test.asm
                   TABLAB   0x00003a    program     static C:\Users\Kenay\Desktop\Octavo Semestre\Sistemas Embebidos\src\Practica10\test.asm
                 RETRASOS   0x00004d    program     static C:\Users\Kenay\Desktop\Octavo Semestre\Sistemas Embebidos\src\Practica10\test.asm
                        c   0x00004f    program     static C:\Users\Kenay\Desktop\Octavo Semestre\Sistemas Embebidos\src\Practica10\test.asm
                        a   0x000051    program     static C:\Users\Kenay\Desktop\Octavo Semestre\Sistemas Embebidos\src\Practica10\test.asm
                     loop   0x000053    program     static C:\Users\Kenay\Desktop\Octavo Semestre\Sistemas Embebidos\src\Practica10\test.asm
                  muestra   0x00005a    program     static C:\Users\Kenay\Desktop\Octavo Semestre\Sistemas Embebidos\src\Practica10\test.asm
                     SHOW   0x00005c    program     static C:\Users\Kenay\Desktop\Octavo Semestre\Sistemas Embebidos\src\Practica10\test.asm
                      MS5   0x000075    program     static C:\Users\Kenay\Desktop\Octavo Semestre\Sistemas Embebidos\src\Practica10\test.asm
                       b2   0x000077    program     static C:\Users\Kenay\Desktop\Octavo Semestre\Sistemas Embebidos\src\Practica10\test.asm
                       a2   0x000079    program     static C:\Users\Kenay\Desktop\Octavo Semestre\Sistemas Embebidos\src\Practica10\test.asm
                    loop1   0x00007b    program     static C:\Users\Kenay\Desktop\Octavo Semestre\Sistemas Embebidos\src\Practica10\test.asm


