MPASM  5.48                          TEST.ASM   3-13-2023  14:32:53         PAGE  1


LOC  OBJECT CODE     LINE SOURCE TEXT
  VALUE

Warning[205]: Found directive in column 1. (LIST)
                      00001 LIST P=16F887
                      00002 #INCLUDE <P16F887.INC>
                      00001         LIST
                      00002 
                      00003 ;==========================================================================
                      00004 ;  MPASM PIC16F887 processor include
                      00005 ; 
                      00006 ;  (c) Copyright 1999-2012 Microchip Technology, All rights reserved
                      00007 ;==========================================================================
                      00008 
                      00809         LIST
2007   28E4           00003         __CONFIG    _CONFIG1, _LVP_OFF & _FCMEN_ON & _IESO_OFF & _BOR_OFF & _CPD_OFF & _CP_OFF & _MCLRE_
                            ON & _PWRTE_ON & _WDT_OFF & _INTRC_OSC_NOCLKOUT
2008   3EFF           00004         __CONFIG    _CONFIG2, _WRT_OFF & _BOR21V
                      00005 
0000                  00006                 ORG     0x000
  0000006F            00007 CONT    EQU     6FH ; Variable que se sumara al pcl para retornar el valor necesario en el puerto B y C
  0000006D            00008 OPC    EQU     6DH ; Indicara si se ha cambiado de rutina o si el contador se debe reiniciar para volver
                             a mostrar el nombre 
  0000006C            00009 CounterC        EQU    6CH 
  0000006B            00010 CounterB    EQU    6BH
  0000006A            00011 CounterA    EQU    6AH
0000   1683           00012 confi   BSF   STATUS,RP0
0001   3001           00013                 MOVLW b'00000001'       ;
Message[302]: Register in operand not in bank 0.  Ensure that bank bits are correct.
0002   0085           00014                 MOVWF TRISA              ;
0003   3000           00015                 MOVLW 0x00               ;
Message[302]: Register in operand not in bank 0.  Ensure that bank bits are correct.
0004   0086           00016                 MOVWF TRISB              ;
Message[302]: Register in operand not in bank 0.  Ensure that bank bits are correct.
0005   0087           00017                 MOVWF TRISC
0006   1703           00018                 BSF   STATUS,RP1 ;
Message[302]: Register in operand not in bank 0.  Ensure that bank bits are correct.
0007   0188           00019                 CLRF ANSEL       ;
Message[302]: Register in operand not in bank 0.  Ensure that bank bits are correct.
0008   0189           00020                 CLRF ANSELH      ; 
0009   1283           00021                 BCF STATUS,RP0;
000A   1303           00022                 BCF      STATUS,RP1;
000B   0186           00023                 CLRF PORTB ;
000C   0185           00024                 CLRF PORTA      ;
000D   0187           00025                 CLRF PORTC      ;
000E   3000           00026                 MOVLW d'0'
000F   00EF           00027                 MOVWF CONT
0010   3001           00028                 MOVLW d'1'
0011   00ED           00029                 MOVWF OPC
                      00030 
                      00031 
0012   1805           00032 INICIO  BTFSC PORTA,0  ; Probamos si el bit 0 del puerto A se encuentra en 0
0013   2815           00033                 GOTO  SECCION1 ; PORTA,0 !=0, Hacemos la rutina para mostrar kevin omar lazaro ortega = 
                            24 letras y espacios 
0014   2820           00034                 GOTO  SECCION2 ; PORTA,0 ==0, Hacemos la rutina para mostrar victor aldair romero parede
                            s = 28 letras y espacios
MPASM  5.48                          TEST.ASM   3-13-2023  14:32:53         PAGE  2


LOC  OBJECT CODE     LINE SOURCE TEXT
  VALUE

                      00035 
0015   186D           00036 SECCION1 BTFSC  OPC,0 ; Comprobamos si hemos cambiado de rutina
0016   283D           00037                  GOTO DOKEV ; OPC,0 != 0 No hemos cambiado de rutina
0017   3000           00038                  MOVLW d'0' ; OPC,0 == 0 Hemos cambiado de rutina 
0018   00EF           00039                  MOVWF CONT ; Reinicia el contador
0019   3001           00040                  MOVLW d'1' ; carga 1 en W
001A   00ED           00041                  MOVWF OPC  ; Cambia la opcion para indicar que estamos en la rutina 1
001B   30FF           00042                  MOVLW  0xFF ; cargamos b'11111111' en w
001C   0086           00043                  MOVWF  PORTB ; Limpiamos el puerto B 
001D   0087           00044                  MOVWF  PORTC ; Limpiamos el puerto c
001E   20BC           00045                  CALL retrasos ; hacemos un retardo 
001F   283D           00046                  GOTO DOKEV ; realizamos la secuencia letra por letra del nombre 
                      00047                   
0020   1C6D           00048 SECCION2 BTFSS  OPC,0 ; Comprobamos si hemos cambiado la rutina
0021   282A           00049                  GOTO DOVIC ; OPC,0 != 1 No hemos cambiado la rutina 
0022   3000           00050                  MOVLW d'0' ; OPC,0 == 1, Por lo que Cargamos 0 en W
0023   00EF           00051                  MOVWF CONT ; Reiniciamos el contador
0024   00ED           00052                  MOVWF OPC  ; Cambiamos la Opcion para indicar que estamos haciendo la rutina "0"
0025   30FF           00053                  MOVLW  0xFF ; cargamos b'11111111' en w
0026   0086           00054                  MOVWF  PORTB ; Limpiamos el puerto B 
0027   0087           00055                  MOVWF  PORTC ; Limpiamos el puerto c
0028   20BC           00056                  CALL retrasos ; hacemos un retardo 
0029   282A           00057                  GOTO DOVIC
                      00058 
002A   086F           00059 DOVIC    MOVFW CONT  ; Movemos lo que esta en el contador a W; W = CONT
002B   2050           00060                  CALL  VICTORB ; Mandamos a Llamar a la tabla que guarda lo que se mostrara por el puert
                            o B
002C   0086           00061                  MOVWF PORTB ; Lo que regrese de la tabla los mandamos al puerto B
002D   086F           00062                  MOVFW CONT ; Movemos lo que esta en el contador a W; W = CONT
002E   206D           00063                  CALL  VICTORC ;  Mandamos a Llamar a la tabla que guarda lo que se mostrara por el puer
                            to C
002F   0087           00064                  MOVWF PORTC ;  Lo que regrese de la tabla los mandamos al puerto C
0030   3001           00065                  MOVLW  d'1' ; Cargamos uno en W, W=1
0031   07EF           00066                  ADDWF CONT,1 ; Sumamos lo que se encuentre en W a CONT, CONT = CONT + W
0032   20BC           00067                  CALL  retrasos ; Realizamos un retraso 
0033   301B           00068                  MOVLW  d'27'   ; Cargamos 27 en W 
0034   02EF           00069                  SUBWF  CONT,1 ; Le restamos lo que se encuntre en W a CONT = CONT - W
0035   0B6F           00070                  DECFSZ CONT,0 ; Le restamos 1 a cont, W = CONT -1
0036   283A           00071                  GOTO   reVic  ; Si el resultado no es 0  le volvemos a sumar 27 para dejar a CONT como 
                            estaba antes
0037   3001           00072                  MOVLW  d'1' ; Si el resultado es 1 cargamos uno en W 
0038   00ED           00073                  MOVWF  OPC ; Movemos lo que esta en W a OPC decierta manera volver a empezar a mostrar 
                            el nombre si el puerto A no ha sido modificado
0039   2812           00074                  GOTO   INICIO
                      00075 
003A   301B           00076 reVic    MOVLW  d'27' ; Cargamos 27 en W
003B   07EF           00077                  ADDWF  CONT,1 ; Se lo sumamos a CONT
003C   2812           00078                  GOTO   INICIO
                      00079                  
                      00080 
003D   086F           00081 DOKEV    MOVFW CONT ; Movemos lo que esta en el contador a W; W = CONT
003E   208A           00082                  CALL  KEVINB; Mandamos a Llamar a la tabla que guarda lo que se mostrara por el puerto 
                            B
MPASM  5.48                          TEST.ASM   3-13-2023  14:32:53         PAGE  3


LOC  OBJECT CODE     LINE SOURCE TEXT
  VALUE

003F   0086           00083                  MOVWF PORTB; Lo que regrese de la tabla los mandamos al puerto B
0040   086F           00084                  MOVFW CONT; Movemos lo que esta en el contador a W; W = CONT
0041   20A3           00085                  CALL  KEVINC;  Mandamos a Llamar a la tabla que guarda lo que se mostrara por el puerto
                             C
0042   0087           00086                  MOVWF PORTC;  Lo que regrese de la tabla los mandamos al puerto C
0043   3001           00087                  MOVLW d'1'; Cargamos uno en W, W=1
0044   07EF           00088                  ADDWF CONT,1; Sumamos lo que se encuentre en W a CONT, CONT = CONT + W
0045   20BC           00089                  CALL  retrasos; Realizamos un retraso 
0046   3017           00090                  MOVLW  d'23'; Cargamos 23 en W 
0047   02EF           00091                  SUBWF  CONT,1 ; Le restamos lo que se encuntre en W a CONT = CONT - W
0048   0B6F           00092                  DECFSZ CONT,0 ; Le restamos 1 a cont, W = CONT -1
0049   284D           00093                  GOTO   reKev ; Si el resultado no es 0  le volvemos a sumar 23 para dejar a CONT como e
                            staba antes
004A   3000           00094                  MOVLW  d'0' ; Si el resultado es 0 cargamos uno en W 
004B   00ED           00095                  MOVWF  OPC ; Movemos lo que esta en W a OPC decierta manera volver a empezar a mostrar 
                            el nombre si el puerto A no ha sido modificado
004C   2812           00096                  GOTO   INICIO
                      00097 
004D   3017           00098 reKev    MOVLW  d'23' ; Cargamos 27 en W
004E   07EF           00099                  ADDWF  CONT,1 ; Se lo sumamos a CONT
004F   2812           00100                  GOTO   INICIO
                      00101 
                      00102                  
                      00103                  
                      00104 
0050   0782           00105 VICTORB  ADDWF PCL,F
                      00106                 ;        HGFEDCBA
0051   343F           00107                  RETLW b'00111111'      ; V
0052   34CC           00108                  RETLW b'11001100'      ; I
0053   340C           00109                  RETLW b'00001100'      ; C
0054   34FC           00110                  RETLW b'11111100'      ; T
0055   3400           00111                  RETLW b'00000000'      ; O
0056   3438           00112                  RETLW b'00111000'      ; R
0057   34FF           00113                  RETLW b'11111111'      ; 
0058   3430           00114                  RETLW b'00110000'      ; A
0059   340F           00115                  RETLW b'00001111'      ; L
005A   34C0           00116                  RETLW b'11000000'      ; D
005B   3430           00117                  RETLW b'00110000'      ; A
005C   34CC           00118                  RETLW b'11001100'      ; I
005D   3438           00119                  RETLW b'00111000'      ; R
005E   34FF           00120                  RETLW b'11111111'      ; 
005F   3438           00121                  RETLW b'00111000'      ; R
0060   3400           00122                  RETLW b'00000000'      ; O
0061   3433           00123                  RETLW b'00110011'      ; M
0062   340C           00124                  RETLW b'00001100'      ; E
0063   3438           00125                  RETLW b'00111000'      ; R
0064   3400           00126                  RETLW b'00000000'      ; O
0065   34FF           00127                  RETLW b'11111111'      ; 
0066   3438           00128                  RETLW b'00111000'      ; P
0067   3430           00129                  RETLW b'00110000'      ; A
0068   3438           00130                  RETLW b'00111000'      ; R
0069   340C           00131                  RETLW b'00001100'      ; E
006A   34C0           00132                  RETLW b'11000000'      ; D
MPASM  5.48                          TEST.ASM   3-13-2023  14:32:53         PAGE  4


LOC  OBJECT CODE     LINE SOURCE TEXT
  VALUE

006B   340C           00133                  RETLW b'00001100'      ; E
006C   3444           00134                  RETLW b'01000100'      ; S
                      00135 
006D   0782           00136 VICTORC  ADDWF PCL,F
                      00137                 ;        LNOPMKJI
006E   34BB           00138                  RETLW b'10111011'      ; V
006F   34DD           00139                  RETLW b'11011101'      ; I
0070   34FF           00140                  RETLW b'11111111'      ; C
0071   34DD           00141                  RETLW b'11011101'      ; T
0072   34FF           00142                  RETLW b'11111111'      ; O
0073   3467           00143                  RETLW b'01100111'      ; R
0074   34FF           00144                  RETLW b'11111111'      ; 
0075   3477           00145                  RETLW b'01110111'      ; A
0076   34FF           00146                  RETLW b'11111111'      ; L
0077   34DD           00147                  RETLW b'11011101'      ; D
0078   3477           00148                  RETLW b'01110111'      ; A
0079   34DD           00149                  RETLW b'11011101'      ; I
007A   3467           00150                  RETLW b'01100111'      ; R
007B   34FF           00151                  RETLW b'11111111'      ; 
007C   3467           00152                  RETLW b'01100111'      ; R
007D   34FF           00153                  RETLW b'11111111'      ; O
007E   34FA           00154                  RETLW b'11111010'      ; M
007F   3477           00155                  RETLW b'01110111'      ; E
0080   3467           00156                  RETLW b'01100111'      ; R
0081   34FF           00157                  RETLW b'11111111'      ; O
0082   34FF           00158                  RETLW b'11111111'      ; 
0083   3477           00159                  RETLW b'01110111'      ; P
0084   3477           00160                  RETLW b'01110111'      ; A
0085   3467           00161                  RETLW b'01100111'      ; R
0086   3477           00162                  RETLW b'01110111'      ; E
0087   34DD           00163                  RETLW b'11011101'      ; D
0088   3477           00164                  RETLW b'01110111'      ; E
0089   3477           00165                  RETLW b'01110111'      ; S
                      00166 
008A   0782           00167 KEVINB   ADDWF  PCL,F 
                      00168                  ;       HGFEDCBA
008B   343F           00169                  RETLW b'00111111'      ; K
008C   340C           00170                  RETLW b'00001100'      ; E
008D   343F           00171                  RETLW b'00111111'      ; V
008E   34CC           00172                  RETLW b'11001100'      ; I
008F   3433           00173                  RETLW b'00110011'      ; N 
0090   34FF           00174                  RETLW b'11111111'      ; 
0091   3400           00175                  RETLW b'00000000'      ; O
0092   3433           00176                  RETLW b'00110011'      ; M
0093   3430           00177                  RETLW b'00110000'      ; A
0094   3438           00178                  RETLW b'00111000'      ; R
0095   34FF           00179                  RETLW b'11111111'      ; 
0096   340F           00180                  RETLW b'00001111'      ; L
0097   3430           00181                  RETLW b'00110000'      ; A
0098   34CC           00182                  RETLW b'11001100'      ; Z
0099   3430           00183                  RETLW b'00110000'      ; A
009A   3438           00184                  RETLW b'00111000'      ; R
009B   3400           00185                  RETLW b'00000000'      ; O
MPASM  5.48                          TEST.ASM   3-13-2023  14:32:53         PAGE  5


LOC  OBJECT CODE     LINE SOURCE TEXT
  VALUE

009C   34FF           00186                  RETLW b'11111111'      ; 
009D   3400           00187                  RETLW b'00000000'      ; O
009E   3438           00188                  RETLW b'00111000'      ; R
009F   34FC           00189                  RETLW b'11111100'      ; T
00A0   340C           00190                  RETLW b'00001100'      ; E
00A1   3404           00191                  RETLW b'00000100'      ; G
00A2   3430           00192                  RETLW b'00110000'      ; A
                      00193 
00A3   0782           00194 KEVINC   ADDWF PCL,F
                      00195                 ;        LNOPMKJI
00A4   346B           00196                  RETLW b'01101011'      ; K
00A5   3477           00197                  RETLW b'01110111'      ; E
00A6   34BB           00198                  RETLW b'10111011'      ; V
00A7   34DD           00199                  RETLW b'11011101'      ; I
00A8   34EE           00200                  RETLW b'11101110'      ; N
00A9   34FF           00201                  RETLW b'11111111'      ; 
00AA   34FF           00202                  RETLW b'11111111'      ; O
00AB   34FA           00203                  RETLW b'11111010'      ; M
00AC   3477           00204                  RETLW b'01110111'      ; A
00AD   3467           00205                  RETLW b'01100111'      ; R
00AE   34FF           00206                  RETLW b'11111111'      ; 
00AF   34FF           00207                  RETLW b'11111111'      ; L
00B0   3477           00208                  RETLW b'01110111'      ; A
00B1   34BB           00209                  RETLW b'10111011'      ; Z
00B2   3477           00210                  RETLW b'01110111'      ; A
00B3   3467           00211                  RETLW b'01100111'      ; R
00B4   34FF           00212                  RETLW b'11111111'      ; O
00B5   34FF           00213                  RETLW b'11111111'      ; 
00B6   34FF           00214                  RETLW b'11111111'      ; O
00B7   3467           00215                  RETLW b'01100111'      ; R
00B8   34DD           00216                  RETLW b'11011101'      ; T
00B9   3477           00217                  RETLW b'01110111'      ; E
00BA   34F7           00218                  RETLW b'11110111'      ; G
00BB   3477           00219                  RETLW b'01110111'      ; A     
                      00220 
00BC   3007           00221 retrasos MOVLW D'7'
00BD   00EC           00222                 MOVWF   CounterC
00BE   3016           00223                 MOVLW   D'22'
00BF   00EB           00224                 MOVWF   CounterB
00C0   30E9           00225                 MOVLW   D'233'
00C1   00EA           00226                 MOVWF   CounterA
00C2   0BEA           00227 loop    DECFSZ  CounterA,1
00C3   28C2           00228                 GOTO    loop
00C4   0BEB           00229                 DECFSZ  CounterB,1
00C5   28C2           00230                 GOTO    loop
00C6   0BEC           00231                 DECFSZ  CounterC,1
00C7   28C2           00232                 GOTO    loop
00C8   0008           00233                 RETURN
                      00234 
                      00235 
                      00236                 END 
MPASM  5.48                          TEST.ASM   3-13-2023  14:32:53         PAGE  6


SYMBOL TABLE
  LABEL                             VALUE 

ABDEN                             00000000
ABDOVF                            00000007
ACKDT                             00000005
ACKEN                             00000004
ACKSTAT                           00000006
ADCON0                            0000001F
ADCON1                            0000009F
ADCS0                             00000006
ADCS1                             00000007
ADDEN                             00000003
ADFM                              00000007
ADIE                              00000006
ADIF                              00000006
ADON                              00000000
ADRESH                            0000001E
ADRESL                            0000009E
ANS0                              00000000
ANS1                              00000001
ANS10                             00000002
ANS11                             00000003
ANS12                             00000004
ANS13                             00000005
ANS2                              00000002
ANS3                              00000003
ANS4                              00000004
ANS5                              00000005
ANS6                              00000006
ANS7                              00000007
ANS8                              00000000
ANS9                              00000001
ANSEL                             00000188
ANSELH                            00000189
BAUDCTL                           00000187
BCLIE                             00000003
BCLIF                             00000003
BF                                00000000
BRG0                              00000000
BRG1                              00000001
BRG10                             00000002
BRG11                             00000003
BRG12                             00000004
BRG13                             00000005
BRG14                             00000006
BRG15                             00000007
BRG16                             00000003
BRG2                              00000002
BRG3                              00000003
BRG4                              00000004
BRG5                              00000005
BRG6                              00000006
BRG7                              00000007
BRG8                              00000000
BRG9                              00000001
MPASM  5.48                          TEST.ASM   3-13-2023  14:32:53         PAGE  7


SYMBOL TABLE
  LABEL                             VALUE 

BRGH                              00000002
C                                 00000000
C1CH0                             00000000
C1CH1                             00000001
C1IE                              00000005
C1IF                              00000005
C1OE                              00000005
C1ON                              00000007
C1OUT                             00000006
C1POL                             00000004
C1R                               00000002
C1RSEL                            00000005
C1SEN                             00000005
C2CH0                             00000000
C2CH1                             00000001
C2IE                              00000006
C2IF                              00000006
C2OE                              00000005
C2ON                              00000007
C2OUT                             00000006
C2POL                             00000004
C2R                               00000002
C2REN                             00000004
C2RSEL                            00000004
C2SYNC                            00000000
CCP1CON                           00000017
CCP1IE                            00000002
CCP1IF                            00000002
CCP1M0                            00000000
CCP1M1                            00000001
CCP1M2                            00000002
CCP1M3                            00000003
CCP1X                             00000005
CCP1Y                             00000004
CCP2CON                           0000001D
CCP2IE                            00000000
CCP2IF                            00000000
CCP2M0                            00000000
CCP2M1                            00000001
CCP2M2                            00000002
CCP2M3                            00000003
CCP2X                             00000005
CCP2Y                             00000004
CCPR1                             00000015
CCPR1H                            00000016
CCPR1L                            00000015
CCPR2                             0000001B
CCPR2H                            0000001C
CCPR2L                            0000001B
CHS0                              00000002
CHS1                              00000003
CHS2                              00000004
CHS3                              00000005
MPASM  5.48                          TEST.ASM   3-13-2023  14:32:53         PAGE  8


SYMBOL TABLE
  LABEL                             VALUE 

CKE                               00000006
CKP                               00000004
CM1CON0                           00000107
CM2CON0                           00000108
CM2CON1                           00000109
CONT                              0000006F
CREN                              00000004
CSRC                              00000007
CounterA                          0000006A
CounterB                          0000006B
CounterC                          0000006C
D                                 00000005
DATA_ADDRESS                      00000005
DC                                00000001
DC1B0                             00000004
DC1B1                             00000005
DC2B0                             00000004
DC2B1                             00000005
DOKEV                             0000003D
DOVIC                             0000002A
D_A                               00000005
D_NOT_A                           00000005
ECCPAS                            0000009C
ECCPAS0                           00000004
ECCPAS1                           00000005
ECCPAS2                           00000006
ECCPASE                           00000007
EEADR                             0000010D
EEADRH                            0000010F
EECON1                            0000018C
EECON2                            0000018D
EEDAT                             0000010C
EEDATA                            0000010C
EEDATH                            0000010E
EEIE                              00000004
EEIF                              00000004
EEPGD                             00000007
F                                 00000001
FERR                              00000002
FSR                               00000004
FVREN                             00000000
GCEN                              00000007
GIE                               00000007
GO                                00000001
GO_DONE                           00000001
GO_NOT_DONE                       00000001
HTS                               00000002
I2C_DATA                          00000005
I2C_READ                          00000002
I2C_START                         00000003
I2C_STOP                          00000004
INDF                              00000000
INICIO                            00000012
MPASM  5.48                          TEST.ASM   3-13-2023  14:32:53         PAGE  9


SYMBOL TABLE
  LABEL                             VALUE 

INTCON                            0000000B
INTE                              00000004
INTEDG                            00000006
INTF                              00000001
IOCB                              00000096
IOCB0                             00000000
IOCB1                             00000001
IOCB2                             00000002
IOCB3                             00000003
IOCB4                             00000004
IOCB5                             00000005
IOCB6                             00000006
IOCB7                             00000007
IRCF0                             00000004
IRCF1                             00000005
IRCF2                             00000006
IRP                               00000007
KEVINB                            0000008A
KEVINC                            000000A3
LTS                               00000001
MC1OUT                            00000007
MC2OUT                            00000006
MSK                               00000093
MSK0                              00000000
MSK1                              00000001
MSK2                              00000002
MSK3                              00000003
MSK4                              00000004
MSK5                              00000005
MSK6                              00000006
MSK7                              00000007
NOT_A                             00000005
NOT_ADDRESS                       00000005
NOT_BO                            00000000
NOT_BOR                           00000000
NOT_DONE                          00000001
NOT_PD                            00000003
NOT_POR                           00000001
NOT_RBPU                          00000007
NOT_RC8                           00000006
NOT_T1SYNC                        00000002
NOT_TO                            00000004
NOT_TX8                           00000006
NOT_W                             00000002
NOT_WRITE                         00000002
OERR                              00000001
OPC                               0000006D
OPTION_REG                        00000081
OSCCON                            0000008F
OSCTUNE                           00000090
OSFIE                             00000007
OSFIF                             00000007
OSTS                              00000003
MPASM  5.48                          TEST.ASM   3-13-2023  14:32:53         PAGE 10


SYMBOL TABLE
  LABEL                             VALUE 

P                                 00000004
P1M0                              00000006
P1M1                              00000007
PCL                               00000002
PCLATH                            0000000A
PCON                              0000008E
PDC0                              00000000
PDC1                              00000001
PDC2                              00000002
PDC3                              00000003
PDC4                              00000004
PDC5                              00000005
PDC6                              00000006
PEIE                              00000006
PEN                               00000002
PIE1                              0000008C
PIE2                              0000008D
PIR1                              0000000C
PIR2                              0000000D
PORTA                             00000005
PORTB                             00000006
PORTC                             00000007
PORTD                             00000008
PORTE                             00000009
PR2                               00000092
PRSEN                             00000007
PS0                               00000000
PS1                               00000001
PS2                               00000002
PSA                               00000003
PSSAC0                            00000002
PSSAC1                            00000003
PSSBD0                            00000000
PSSBD1                            00000001
PSTRCON                           0000009D
PULSR                             00000002
PULSS                             00000003
PWM1CON                           0000009B
R                                 00000002
RA0                               00000000
RA1                               00000001
RA2                               00000002
RA3                               00000003
RA4                               00000004
RA5                               00000005
RA6                               00000006
RA7                               00000007
RB0                               00000000
RB1                               00000001
RB2                               00000002
RB3                               00000003
RB4                               00000004
RB5                               00000005
MPASM  5.48                          TEST.ASM   3-13-2023  14:32:53         PAGE 11


SYMBOL TABLE
  LABEL                             VALUE 

RB6                               00000006
RB7                               00000007
RBIE                              00000003
RBIF                              00000000
RC0                               00000000
RC1                               00000001
RC2                               00000002
RC3                               00000003
RC4                               00000004
RC5                               00000005
RC6                               00000006
RC7                               00000007
RC8_9                             00000006
RC9                               00000006
RCD8                              00000000
RCEN                              00000003
RCIDL                             00000006
RCIE                              00000005
RCIF                              00000005
RCREG                             0000001A
RCSTA                             00000018
RD                                00000000
RD0                               00000000
RD1                               00000001
RD2                               00000002
RD3                               00000003
RD4                               00000004
RD5                               00000005
RD6                               00000006
RD7                               00000007
RE0                               00000000
RE1                               00000001
RE2                               00000002
RE3                               00000003
READ_WRITE                        00000002
RP0                               00000005
RP1                               00000006
RSEN                              00000001
RX9                               00000006
RX9D                              00000000
R_NOT_W                           00000002
R_W                               00000002
S                                 00000003
SBOREN                            00000004
SCKP                              00000004
SCS                               00000000
SECCION1                          00000015
SECCION2                          00000020
SEN                               00000000
SENDB                             00000003
SMP                               00000007
SPBRG                             00000099
SPBRGH                            0000009A
MPASM  5.48                          TEST.ASM   3-13-2023  14:32:53         PAGE 12


SYMBOL TABLE
  LABEL                             VALUE 

SPEN                              00000007
SR0                               00000006
SR1                               00000007
SRCON                             00000185
SREN                              00000005
SSPADD                            00000093
SSPBUF                            00000013
SSPCON                            00000014
SSPCON2                           00000091
SSPEN                             00000005
SSPIE                             00000003
SSPIF                             00000003
SSPM0                             00000000
SSPM1                             00000001
SSPM2                             00000002
SSPM3                             00000003
SSPMSK                            00000093
SSPOV                             00000006
SSPSTAT                           00000094
STATUS                            00000003
STRA                              00000000
STRB                              00000001
STRC                              00000002
STRD                              00000003
STRSYNC                           00000004
SWDTEN                            00000000
SYNC                              00000004
T0CS                              00000005
T0IE                              00000005
T0IF                              00000002
T0SE                              00000004
T1CKPS0                           00000004
T1CKPS1                           00000005
T1CON                             00000010
T1GINV                            00000007
T1GIV                             00000007
T1GSS                             00000001
T1INSYNC                          00000002
T1OSCEN                           00000003
T1SYNC                            00000002
T2CKPS0                           00000000
T2CKPS1                           00000001
T2CON                             00000012
TMR0                              00000001
TMR0IE                            00000005
TMR0IF                            00000002
TMR1                              0000000E
TMR1CS                            00000001
TMR1GE                            00000006
TMR1H                             0000000F
TMR1IE                            00000000
TMR1IF                            00000000
TMR1L                             0000000E
MPASM  5.48                          TEST.ASM   3-13-2023  14:32:53         PAGE 13


SYMBOL TABLE
  LABEL                             VALUE 

TMR1ON                            00000000
TMR2                              00000011
TMR2IE                            00000001
TMR2IF                            00000001
TMR2ON                            00000002
TOUTPS0                           00000003
TOUTPS1                           00000004
TOUTPS2                           00000005
TOUTPS3                           00000006
TRISA                             00000085
TRISA0                            00000000
TRISA1                            00000001
TRISA2                            00000002
TRISA3                            00000003
TRISA4                            00000004
TRISA5                            00000005
TRISA6                            00000006
TRISA7                            00000007
TRISB                             00000086
TRISB0                            00000000
TRISB1                            00000001
TRISB2                            00000002
TRISB3                            00000003
TRISB4                            00000004
TRISB5                            00000005
TRISB6                            00000006
TRISB7                            00000007
TRISC                             00000087
TRISC0                            00000000
TRISC1                            00000001
TRISC2                            00000002
TRISC3                            00000003
TRISC4                            00000004
TRISC5                            00000005
TRISC6                            00000006
TRISC7                            00000007
TRISD                             00000088
TRISD0                            00000000
TRISD1                            00000001
TRISD2                            00000002
TRISD3                            00000003
TRISD4                            00000004
TRISD5                            00000005
TRISD6                            00000006
TRISD7                            00000007
TRISE                             00000089
TRISE0                            00000000
TRISE1                            00000001
TRISE2                            00000002
TRISE3                            00000003
TRMT                              00000001
TUN0                              00000000
TUN1                              00000001
MPASM  5.48                          TEST.ASM   3-13-2023  14:32:53         PAGE 14


SYMBOL TABLE
  LABEL                             VALUE 

TUN2                              00000002
TUN3                              00000003
TUN4                              00000004
TX8_9                             00000006
TX9                               00000006
TX9D                              00000000
TXD8                              00000000
TXEN                              00000005
TXIE                              00000004
TXIF                              00000004
TXREG                             00000019
TXSTA                             00000098
UA                                00000001
ULPWUE                            00000005
ULPWUIE                           00000002
ULPWUIF                           00000002
VCFG0                             00000004
VCFG1                             00000005
VICTORB                           00000050
VICTORC                           0000006D
VR0                               00000000
VR1                               00000001
VR2                               00000002
VR3                               00000003
VRCON                             00000097
VREN                              00000007
VROE                              00000006
VRR                               00000005
VRSS                              00000004
W                                 00000000
WCOL                              00000007
WDTCON                            00000105
WDTPS0                            00000001
WDTPS1                            00000002
WDTPS2                            00000003
WDTPS3                            00000004
WPUB                              00000095
WPUB0                             00000000
WPUB1                             00000001
WPUB2                             00000002
WPUB3                             00000003
WPUB4                             00000004
WPUB5                             00000005
WPUB6                             00000006
WPUB7                             00000007
WR                                00000001
WREN                              00000002
WRERR                             00000003
WUE                               00000001
Z                                 00000002
_BOR21V                           00003EFF
_BOR40V                           00003FFF
_BOR4V_BOR21V                     00003EFF
MPASM  5.48                          TEST.ASM   3-13-2023  14:32:53         PAGE 15


SYMBOL TABLE
  LABEL                             VALUE 

_BOR4V_BOR40V                     00003FFF
_BOREN_NSLEEP                     00003EFF
_BOREN_OFF                        00003CFF
_BOREN_ON                         00003FFF
_BOREN_SBODEN                     00003DFF
_BOR_NSLEEP                       00003EFF
_BOR_OFF                          00003CFF
_BOR_ON                           00003FFF
_BOR_SBODEN                       00003DFF
_CONFIG1                          00002007
_CONFIG2                          00002008
_CPD_OFF                          00003FFF
_CPD_ON                           00003F7F
_CP_OFF                           00003FFF
_CP_ON                            00003FBF
_DEBUG_OFF                        00003FFF
_DEBUG_ON                         00001FFF
_DEVID1                           00002006
_EC_OSC                           00003FFB
_EXTRC                            00003FFF
_EXTRCIO                          00003FFE
_EXTRC_OSC_CLKOUT                 00003FFF
_EXTRC_OSC_NOCLKOUT               00003FFE
_FCMEN_OFF                        000037FF
_FCMEN_ON                         00003FFF
_FOSC_EC                          00003FFB
_FOSC_EXTRC_CLKOUT                00003FFF
_FOSC_EXTRC_NOCLKOUT              00003FFE
_FOSC_HS                          00003FFA
_FOSC_INTRC_CLKOUT                00003FFD
_FOSC_INTRC_NOCLKOUT              00003FFC
_FOSC_LP                          00003FF8
_FOSC_XT                          00003FF9
_HS_OSC                           00003FFA
_IDLOC0                           00002000
_IDLOC1                           00002001
_IDLOC2                           00002002
_IDLOC3                           00002003
_IESO_OFF                         00003BFF
_IESO_ON                          00003FFF
_INTOSC                           00003FFD
_INTOSCIO                         00003FFC
_INTRC_OSC_CLKOUT                 00003FFD
_INTRC_OSC_NOCLKOUT               00003FFC
_LP_OSC                           00003FF8
_LVP_OFF                          00002FFF
_LVP_ON                           00003FFF
_MCLRE_OFF                        00003FDF
_MCLRE_ON                         00003FFF
_PWRTE_OFF                        00003FFF
_PWRTE_ON                         00003FEF
_WDTE_OFF                         00003FF7
_WDTE_ON                          00003FFF
MPASM  5.48                          TEST.ASM   3-13-2023  14:32:53         PAGE 16


SYMBOL TABLE
  LABEL                             VALUE 

_WDT_OFF                          00003FF7
_WDT_ON                           00003FFF
_WRT_1FOURTH                      00003BFF
_WRT_256                          00003DFF
_WRT_HALF                         000039FF
_WRT_OFF                          00003FFF
_XT_OSC                           00003FF9
__16F887                          00000001
__DEBUG                           1
confi                             00000000
loop                              000000C2
reKev                             0000004D
reVic                             0000003A
retrasos                          000000BC


MEMORY USAGE MAP ('X' = Used,  '-' = Unused)

0000 : XXXXXXXXXXXXXXXX XXXXXXXXXXXXXXXX XXXXXXXXXXXXXXXX XXXXXXXXXXXXXXXX
0040 : XXXXXXXXXXXXXXXX XXXXXXXXXXXXXXXX XXXXXXXXXXXXXXXX XXXXXXXXXXXXXXXX
0080 : XXXXXXXXXXXXXXXX XXXXXXXXXXXXXXXX XXXXXXXXXXXXXXXX XXXXXXXXXXXXXXXX
00C0 : XXXXXXXXX------- ---------------- ---------------- ----------------
2000 : -------XX------- ---------------- ---------------- ----------------

All other memory blocks unused.

Program Memory Words Used:   201
Program Memory Words Free:  7991


Errors   :     0
Warnings :     1 reported,     0 suppressed
Messages :     5 reported,     0 suppressed

