MPLINK 4.46, Linker
Linker Map File - Created Thu Apr 13 09:24:50 2023

                                 Section Info
                  Section       Type    Address   Location Size(Bytes)
                ---------  ---------  ---------  ---------  ---------
                   .org_0       code   0x000000    program   0x000000
                   .org_1       code   0x000000    program   0x0000e8
      .config_2007_TEST.O       code   0x002007    program   0x000002
      .config_2008_TEST.O       code   0x002008    program   0x000002



                              Program Memory Usage 
                               Start         End      
                           ---------   ---------      
                            0x000000    0x000073      
                            0x002007    0x002008      
            118 out of 8455 program addresses used, program memory utilization is 1%



                              Symbols - Sorted by Name
                     Name    Address   Location    Storage File                     
                ---------  ---------  ---------  --------- ---------                
             CONFIDISPLAY   0x00000d    program     static C:\Users\Kenay\Desktop\Octavo Semestre\Sistemas Embebidos\src\Practica11\test.asm
                    DELAY   0x000028    program     static C:\Users\Kenay\Desktop\Octavo Semestre\Sistemas Embebidos\src\Practica11\test.asm
                ESPERACOM   0x00001f    program     static C:\Users\Kenay\Desktop\Octavo Semestre\Sistemas Embebidos\src\Practica11\test.asm
                   INICIO   0x000053    program     static C:\Users\Kenay\Desktop\Octavo Semestre\Sistemas Embebidos\src\Practica11\test.asm
                LCD_Envia   0x000025    program     static C:\Users\Kenay\Desktop\Octavo Semestre\Sistemas Embebidos\src\Practica11\test.asm
                RECUCOUNT   0x000019    program     static C:\Users\Kenay\Desktop\Octavo Semestre\Sistemas Embebidos\src\Practica11\test.asm
               RECUCOUNT1   0x00001c    program     static C:\Users\Kenay\Desktop\Octavo Semestre\Sistemas Embebidos\src\Practica11\test.asm
                   SECOND   0x000062    program     static C:\Users\Kenay\Desktop\Octavo Semestre\Sistemas Embebidos\src\Practica11\test.asm
                    TABLA   0x000031    program     static C:\Users\Kenay\Desktop\Octavo Semestre\Sistemas Embebidos\src\Practica11\test.asm
                   TABLA2   0x000042    program     static C:\Users\Kenay\Desktop\Octavo Semestre\Sistemas Embebidos\src\Practica11\test.asm
                    ciclo   0x00002a    program     static C:\Users\Kenay\Desktop\Octavo Semestre\Sistemas Embebidos\src\Practica11\test.asm
                   ciclo2   0x00002c    program     static C:\Users\Kenay\Desktop\Octavo Semestre\Sistemas Embebidos\src\Practica11\test.asm
                    confi   0x000000    program     static C:\Users\Kenay\Desktop\Octavo Semestre\Sistemas Embebidos\src\Practica11\test.asm



                              Symbols - Sorted by Address
                     Name    Address   Location    Storage File                     
                ---------  ---------  ---------  --------- ---------                
                    confi   0x000000    program     static C:\Users\Kenay\Desktop\Octavo Semestre\Sistemas Embebidos\src\Practica11\test.asm
             CONFIDISPLAY   0x00000d    program     static C:\Users\Kenay\Desktop\Octavo Semestre\Sistemas Embebidos\src\Practica11\test.asm
                RECUCOUNT   0x000019    program     static C:\Users\Kenay\Desktop\Octavo Semestre\Sistemas Embebidos\src\Practica11\test.asm
               RECUCOUNT1   0x00001c    program     static C:\Users\Kenay\Desktop\Octavo Semestre\Sistemas Embebidos\src\Practica11\test.asm
                ESPERACOM   0x00001f    program     static C:\Users\Kenay\Desktop\Octavo Semestre\Sistemas Embebidos\src\Practica11\test.asm
                LCD_Envia   0x000025    program     static C:\Users\Kenay\Desktop\Octavo Semestre\Sistemas Embebidos\src\Practica11\test.asm
                    DELAY   0x000028    program     static C:\Users\Kenay\Desktop\Octavo Semestre\Sistemas Embebidos\src\Practica11\test.asm
                    ciclo   0x00002a    program     static C:\Users\Kenay\Desktop\Octavo Semestre\Sistemas Embebidos\src\Practica11\test.asm
                   ciclo2   0x00002c    program     static C:\Users\Kenay\Desktop\Octavo Semestre\Sistemas Embebidos\src\Practica11\test.asm
                    TABLA   0x000031    program     static C:\Users\Kenay\Desktop\Octavo Semestre\Sistemas Embebidos\src\Practica11\test.asm
                   TABLA2   0x000042    program     static C:\Users\Kenay\Desktop\Octavo Semestre\Sistemas Embebidos\src\Practica11\test.asm
                   INICIO   0x000053    program     static C:\Users\Kenay\Desktop\Octavo Semestre\Sistemas Embebidos\src\Practica11\test.asm
                   SECOND   0x000062    program     static C:\Users\Kenay\Desktop\Octavo Semestre\Sistemas Embebidos\src\Practica11\test.asm


